// Jest Snapshot v1, https://goo.gl/fbAQLP

exports[`shows password quality when enabled and password is entered 1`] = `
<div
  style={
    Object {
      "marginBottom": 16,
    }
  }
>
  <label
    htmlFor={
      Object {
        "htmlFor": "test",
      }
    }
    style={
      Object {
        "display": "block",
      }
    }
  >
    Password
     
    <span
      style={
        Object {
          "color": "red",
        }
      }
    >
       *
    </span>
  </label>
  <input
    id="test"
    maxLength={50}
    name="test"
    onChange={[Function]}
    placeholder={undefined}
    showQuality={true}
    style={undefined}
    type="password"
    value="UisIxx#3334"
  />
</div>
`;
